[
  {
    "type": "input",
    "group": "default",
    "attributes": {
      "name": "csrf_token",
      "type": "hidden",
      "value": "Sk3WySQDVpL5V9IuQelZTXcRVbBE1STI0HAJEcHOnM0/xPz5p1piBzuBMKZWxgYJc5TN8k8BTM9Hazrf/n76pg==",
      "required": true,
      "disabled": false,
      "node_type": "input"
    },
    "messages": [],
    "meta": {}
  },
  {
    "type": "input",
    "group": "oidc",
    "attributes": {
      "name": "oidc.provider",
      "type": "submit",
      "value": "github",
      "disabled": false,
      "node_type": "input"
    },
    "messages": [],
    "meta": {}
  },
  {
    "type": "input",
    "group": "oidc",
    "attributes": {
      "name": "oidc.provider",
      "type": "submit",
      "value": "google",
      "disabled": false,
      "node_type": "input"
    },
    "messages": [],
    "meta": {}
  },
  {
    "type": "input",
    "group": "oidc",
    "attributes": {
      "name": "oidc.provider",
      "type": "submit",
      "value": "hydra",
      "disabled": false,
      "node_type": "input"
    },
    "messages": [],
    "meta": {}
  },
  {
    "type": "input",
    "group": "oidc",
    "attributes": {
      "name": "method",
      "type": "submit",
      "value": "oidc",
      "disabled": false,
      "node_type": "input"
    },
    "messages": [],
    "meta": {}
  },
  {
    "type": "input",
    "group": "password",
    "attributes": {
      "name": "password_identifier",
      "type": "text",
      "value": "",
      "required": true,
      "disabled": false,
      "node_type": "input"
    },
    "messages": [],
    "meta": {}
  },
  {
    "type": "input",
    "group": "password",
    "attributes": {
      "name": "password",
      "type": "password",
      "required": true,
      "disabled": false,
      "node_type": "input"
    },
    "messages": [],
    "meta": {}
  },
  {
    "type": "input",
    "group": "password",
    "attributes": {
      "name": "method",
      "type": "submit",
      "value": "password",
      "disabled": false,
      "node_type": "input"
    },
    "messages": [],
    "meta": {}
  }
]
