[
  {
    "type": "input",
    "group": "default",
    "attributes": {
      "name": "csrf_token",
      "type": "hidden",
      "value": "",
      "required": true,
      "disabled": false,
      "node_type": "input"
    },
    "messages": [],
    "meta": {}
  },
  {
    "type": "input",
    "group": "profile",
    "attributes": {
      "name": "traits.email",
      "type": "email",
      "value": "john@doe.com",
      "disabled": false,
      "node_type": "input"
    },
    "messages": [],
    "meta": {}
  },
  {
    "type": "input",
    "group": "profile",
    "attributes": {
      "name": "traits.name",
      "type": "text",
      "disabled": false,
      "node_type": "input"
    },
    "messages": [],
    "meta": {}
  },
  {
    "type": "input",
    "group": "profile",
    "attributes": {
      "name": "method",
      "type": "submit",
      "value": "profile",
      "disabled": false,
      "node_type": "input"
    },
    "messages": [],
    "meta": {
      "label": {
        "id": 1070003,
        "text": "Save",
        "type": "info"
      }
    }
  },
  {
    "type": "input",
    "group": "password",
    "attributes": {
      "name": "password",
      "type": "password",
      "required": true,
      "disabled": false,
      "node_type": "input"
    },
    "messages": [],
    "meta": {
      "label": {
        "id": 1070001,
        "text": "Password",
        "type": "info"
      }
    }
  },
  {
    "type": "input",
    "group": "password",
    "attributes": {
      "name": "method",
      "type": "submit",
      "value": "password",
      "disabled": false,
      "node_type": "input"
    },
    "messages": [],
    "meta": {
      "label": {
        "id": 1070003,
        "text": "Save",
        "type": "info"
      }
    }
  },
  {
    "type": "input",
    "group": "oidc",
    "attributes": {
      "name": "link",
      "type": "submit",
      "value": "github",
      "disabled": false,
      "node_type": "input"
    },
    "messages": [],
    "meta": {
      "label": {
        "id": 1050002,
        "text": "Link github",
        "type": "info",
        "context": {
          "provider": "github"
        }
      }
    }
  },
  {
    "type": "input",
    "group": "oidc",
    "attributes": {
      "name": "unlink",
      "type": "submit",
      "value": "google",
      "disabled": false,
      "node_type": "input"
    },
    "messages": [],
    "meta": {
      "label": {
        "id": 1050003,
        "text": "Unlink google",
        "type": "info",
        "context": {
          "provider": "google"
        }
      }
    }
  },
  {
    "type": "input",
    "group": "oidc",
    "attributes": {
      "name": "link",
      "type": "submit",
      "value": "ory",
      "disabled": false,
      "node_type": "input"
    },
    "messages": [],
    "meta": {
      "label": {
        "id": 1050002,
        "text": "Link ory",
        "type": "info",
        "context": {
          "provider": "ory"
        }
      }
    }
  }
]
